---
source: repology-webapp/tests/snapshot_tests/repositories.rs
expression: response.as_text_snapshot().unwrap()
---
Status: 200
Header: content-type: text/html
Header: content-length: 5416
---
<!DOCTYPE html>
<html lang="en">
<head>
	<meta charset="utf-8">
	<meta name="viewport" content="width=device-width, initial-scale=1">

	<meta name="description" content="Multiple package repositories analyzer">
	<meta name="keywords" content="repository, package, packages, version">
	<meta name="author" content="Dmitry Marakasov">

    

	<title>Update status - Repology</title>
	<link rel="stylesheet" href="/static/bootstrap.min.v3.3.7.8dc6d358477be27a.css">
	<link rel="stylesheet" href="/static/repology.v21.bb7b05a7b3bfbdb9.css">
	<link rel="icon" href="/static/repology.v1.6108dff405ea1a42.ico" sizes="16x16 32x32 64x64" type="image/x-icon">
	<link rel="search" type="application/opensearchdescription+xml" title="Repology packages" href="/opensearch/project.xml">
	<link rel="search" type="application/opensearchdescription+xml" title="Repology maintainers" href="/opensearch/maintainer.xml">
</head>
<body>



<nav class="navbar navbar-default navbar-static-top">
	<div class="container">
		<div class="navbar-header">
			<button type="button" class="navbar-toggle collapsed" data-toggle="collapse" data-target="#repology-navbar-collapse" aria-expanded="false">
				<span class="sr-only">Toggle navigation</span>
				<span class="icon-bar"></span>
				<span class="icon-bar"></span>
				<span class="icon-bar"></span>
			</button>
			<a class="navbar-brand" href="/">
				<img alt="Repology" src="/static/repology40x40.v1.0ea026630d9180a2.png" width="40" height="40">
			</a>
		</div>

		<div class="collapse navbar-collapse" id="repology-navbar-collapse">
			<ul class="nav navbar-nav">
				<li><a href="/projects/">Projects</a></li>
				<li><a href="/maintainers/">Maintainers</a></li>
				<li class="active"><a href="/repositories/statistics">Repositories</a></li>
				<li><a href="/tools">Tools</a></li>
				<li><a href="/security/recent-cves">Security</a></li>
			</ul>
			<ul class="nav navbar-nav navbar-right">
				<li><a href="/news">News</a></li>
				<li><a href="/docs">Docs</a></li>
			</ul>
		</div>
	</div>
</nav>


<div class="container">
	
<div class="btn-group pageheader-right">
	<a href="/repositories/statistics" class="btn btn-default">Statistics</a>
	<a href="/repositories/packages" class="btn btn-default">Packages</a>
	<a href="/repositories/graphs" class="btn btn-default">Graphs</a>
	<a href="/repositories/updates" class="btn btn-default active">Updates</a>
	<a href="/repositories/fields" class="btn btn-default">Fields</a>
</div>

	<h1 class="page-header">Update status</h1>
</div>



<div class="container">

<p>A brief explanation of update process: each repository is updated in two phases: <em>fetch</em> (⬊), which only involves downloading new data, then <em>parse</em> (⬈), which involves converting upstream format into Repology packages and applying transformation rules. Each phase may fail independently. Also, fetch phase may return no new data (⬂) (e.g. HTTP 403 not modified, no new git commits etc.), in which case parse phase may be skipped as long as the ruleset hasn't changed either. Note that actual database update happens only after trying to fetch and parse all the repositories, so there's additional delay between times shown on this page and actual website update.</p>

<p>
		<a href="/repositories/updates?autorefresh=1" rel="nofollow">Enable</a> autorefresh.</p>

<table class="table table-striped">
	<thead>
		<tr>
			<th class="text-right">Repository</th>
			<th class="text-center">Last fetch</th>
			<th class="text-center">Last parse</th>
			<th class="text-center">Last failure</th>
			<th class="text-center">History (oldest→latest)</th>
		</tr>
	</thead>
	<tbody>
	
		<tr id="freebsd">
			<td class="text-right"><a href="/repository/freebsd">FreeBSD</a></td>
			<td class="text-center">-</td>
			<td class="text-center">-</td>
			<td class="text-center">-</td>
			<td class="text-center">-</td>
		</tr>
	
		<tr id="freshcode">
			<td class="text-right"><a href="/repository/freshcode">freshcode.club</a></td>
			<td class="text-center">-</td>
			<td class="text-center">-</td>
			<td class="text-center">-</td>
			<td class="text-center">-</td>
		</tr>
	
		<tr id="ubuntu_12">
			<td class="text-right"><a href="/repository/ubuntu_12">Ubuntu 12</a></td>
			<td class="text-center">-</td>
			<td class="text-center">-</td>
			<td class="text-center">-</td>
			<td class="text-center">-</td>
		</tr>
	
		<tr id="ubuntu_24">
			<td class="text-right"><a href="/repository/ubuntu_24">Ubuntu 24</a></td>
			<td class="text-center">-</td>
			<td class="text-center">-</td>
			<td class="text-center">-</td>
			<td class="text-center">-</td>
		</tr>
	
	</tbody>
</table>

</div>


<footer class="footer">
	<div class="container">
		<p class="pull-right footer-links">
			GitHub repositories:
			<a href="https://github.com/repology/repology-rs/tree/master/repology-webapp">webapp</a>,
			<a href="https://github.com/repology/repology-updater">updater</a>,
			<a href="https://github.com/repology/repology-rules">ruleset</a>
		</p>
		<p>
			Copyright (C) 2016-2026 Dmitry Marakasov<br>
			Code licensed under GPLv3+.
			
		</p>
	</div>
</footer>

<script src="/static/jquery-3.7.1.min.cc6904672d4db9a3.js"></script>
<script src="/static/bootstrap.min.v3.3.7.66502a3c5769c640.js"></script>
<script src="/static/moment.min.v2.29.2.b7efa16ed0d164d6.js"></script>
<script src="/static/repology.v2.ee0228ab3d88406f.js"></script>

</body>
</html>
