---
source: repology-webapp/tests/snapshot_tests/repositories.rs
expression: response.as_text_snapshot().unwrap()
---
Status: 200
Header: content-type: text/html
Header: content-length: 4122
---
<!DOCTYPE html>
<html lang="en">
<head>
	<meta charset="utf-8">
	<meta name="viewport" content="width=device-width, initial-scale=1">

	<meta name="description" content="Multiple package repositories analyzer">
	<meta name="keywords" content="repository, package, packages, version">
	<meta name="author" content="Dmitry Marakasov">

	

	<title>Graphs - Repology</title>
	<link rel="stylesheet" href="/static/bootstrap.min.v3.3.7.8dc6d358477be27a.css">
	<link rel="stylesheet" href="/static/repology.v21.bb7b05a7b3bfbdb9.css">
	<link rel="icon" href="/static/repology.v1.6108dff405ea1a42.ico" sizes="16x16 32x32 64x64" type="image/x-icon">
	<link rel="search" type="application/opensearchdescription+xml" title="Repology packages" href="/opensearch/project.xml">
	<link rel="search" type="application/opensearchdescription+xml" title="Repology maintainers" href="/opensearch/maintainer.xml">
</head>
<body>



<nav class="navbar navbar-default navbar-static-top">
	<div class="container">
		<div class="navbar-header">
			<button type="button" class="navbar-toggle collapsed" data-toggle="collapse" data-target="#repology-navbar-collapse" aria-expanded="false">
				<span class="sr-only">Toggle navigation</span>
				<span class="icon-bar"></span>
				<span class="icon-bar"></span>
				<span class="icon-bar"></span>
			</button>
			<a class="navbar-brand" href="/">
				<img alt="Repology" src="/static/repology40x40.v1.0ea026630d9180a2.png" width="40" height="40">
			</a>
		</div>

		<div class="collapse navbar-collapse" id="repology-navbar-collapse">
			<ul class="nav navbar-nav">
				<li><a href="/projects/">Projects</a></li>
				<li><a href="/maintainers/">Maintainers</a></li>
				<li class="active"><a href="/repositories/statistics">Repositories</a></li>
				<li><a href="/tools">Tools</a></li>
				<li><a href="/security/recent-cves">Security</a></li>
			</ul>
			<ul class="nav navbar-nav navbar-right">
				<li><a href="/news">News</a></li>
				<li><a href="/docs">Docs</a></li>
			</ul>
		</div>
	</div>
</nav>


<div class="container">
	
<div class="btn-group pageheader-right">
	<a href="/repositories/statistics" class="btn btn-default">Statistics</a>
	<a href="/repositories/packages" class="btn btn-default">Packages</a>
	<a href="/repositories/graphs" class="btn btn-default active">Graphs</a>
	<a href="/repositories/updates" class="btn btn-default">Updates</a>
	<a href="/repositories/fields" class="btn btn-default">Fields</a>
</div>

	<h1 class="page-header">Graphs</h1>
</div>



<div class="container">

<p>
		<a href="/repositories/graphs?autorefresh=1" rel="nofollow">Enable</a> autorefresh.</p>

<h3 id="freshness_map">Repository size/freshness map</h3>
<img src="/graph/map_repo_size_fresh.svg" alt="Repository size/freshness map">

<p>Zoomed in onto main cluster of repositories:</p>
<img src="/graph/map_repo_size_fresh.svg?xlimit=40000&#38;ylimit=20000" alt="Repository size/freshness map (zoom in)">

<p>Zoomed in onto smaller repositories:</p>
<img src="/graph/map_repo_size_fresh.svg?xlimit=8000&#38;ylimit=4000" alt="Repository size/freshness map (zoom in)">

<h3 id="projects_graph">Projects</h3>
<img src="/graph/total/projects.svg" alt="Projects know to Repology versus time">

<h3 id="maintainers_graph">Maintainers</h3>
<img src="/graph/total/maintainers.svg" alt="Maintainers known to Repology versus time">

</div>


<footer class="footer">
	<div class="container">
		<p class="pull-right footer-links">
			GitHub repositories:
			<a href="https://github.com/repology/repology-rs/tree/master/repology-webapp">webapp</a>,
			<a href="https://github.com/repology/repology-updater">updater</a>,
			<a href="https://github.com/repology/repology-rules">ruleset</a>
		</p>
		<p>
			Copyright (C) 2016-2026 Dmitry Marakasov<br>
			Code licensed under GPLv3+.
			
		</p>
	</div>
</footer>

<script src="/static/jquery-3.7.1.min.cc6904672d4db9a3.js"></script>
<script src="/static/bootstrap.min.v3.3.7.66502a3c5769c640.js"></script>
<script src="/static/moment.min.v2.29.2.b7efa16ed0d164d6.js"></script>
<script src="/static/repology.v2.ee0228ab3d88406f.js"></script>

</body>
</html>
