---
source: repology-webapp/tests/snapshot_tests/api_v1_projects.rs
expression: response.as_snapshot().unwrap()
---
Status: 200
Header: content-type: application/json
Header: content-length: 105
---
{"pkg_barbar_":[{"repo":"ubuntu_12","visiblename":"","version":"","origversion":null,"status":"newest"}]}
