---
source: repology-updater/src/parsing/parsers/repodata.rs
expression: res.unwrap()
---
[
    Package {
        srcname: "ModemManager",
        binnames: [
            "ModemManager",
            "ModemManager-devel",
            "ModemManager-glib",
            "ModemManager-glib-devel",
            "ModemManager-vala",
            "ModemManager-debuginfo",
            "ModemManager-debugsource",
        ],
        trackname: "ModemManager",
        visiblename: "ModemManager",
        projectname_seed: "ModemManager",
        rawversion: "1.22.0-5.el10",
        arch: "src",
        maintainers: [
            "builder@centos.org",
        ],
        category: "Unspecified",
        comment: "Mobile broadband modem management service",
        licenses: [
            "GPL-2.0-or-later",
        ],
        links: [
            Link {
                type: UpstreamHomepage,
                url: "http://www.freedesktop.org/wiki/Software/ModemManager/",
                fragment: None,
            },
        ],
        version: "1.22.0",
    },
]
