---
source: repology-updater/src/repositories_config.rs
expression: res
---
RepositoriesConfig {
    repositories: [
        Repository {
            name: "foorepo",
            sortname: Some(
                "foorepo_0",
            ),
            type: "repository",
            desc: "Foo Repository",
            statsgroup: Some(
                "Foo Group",
            ),
            singular: Some(
                "Foo package",
            ),
            family: "foo_family",
            ruleset: [
                "foo_ruleset",
            ],
            color: Some(
                "880000",
            ),
            minpackages: 1,
            update_period: Some(
                "1w",
            ),
            pessimized: Some(
                "false",
            ),
            valid_till: Some(
                "2024-01-01",
            ),
            default_maintainer: Some(
                "example@example.com",
            ),
            sources: [
                Source {
                    name: [
                        "source1",
                    ],
                    fetcher: Object {
                        "class": String("FileFetcher"),
                        "url": String("https://example.com/data.json"),
                    },
                    parser: Object {
                        "class": String("FooParser"),
                    },
                    subrepo: Some(
                        "source1",
                    ),
                    packagelinks: [],
                },
                Source {
                    name: [
                        "source2",
                    ],
                    fetcher: Object {
                        "class": String("FileFetcher"),
                        "url": String("https://example.com/data2.json"),
                    },
                    parser: Object {
                        "class": String("FooParser"),
                    },
                    subrepo: Some(
                        "source2",
                    ),
                    packagelinks: [],
                },
            ],
            shadow: false,
            incomplete: false,
            repolinks: [
                RepositoryLink {
                    desc: "Foo repo home",
                    url: "https://adelielinux.org/",
                },
            ],
            packagelinks: [
                PackageLink {
                    type: "PACKAGE_SOURCES",
                    url: "https://git.example.com/{srcname}",
                    priority: None,
                },
            ],
            groups: [
                "all",
                "production",
                "foo",
            ],
        },
    ],
}
